// Jest Snapshot v1, https://goo.gl/fbAQLP

exports[`render correctly PanelL 1`] = `
Array [
  <h2
    className="ui tiny block center aligned header"
    style={
      Object {
        "borderBottomLeftRadius": 0,
        "borderBottomRightRadius": 0,
        "margin": 0,
        "padding": 5,
      }
    }
  >
    Hola mundo
  </h2>,
  .c0 {
  border: 1px solid #d4d4d5;
  border-top: none;
}

.c1 {
  padding: 10px;
}

<div
    className="c0"
  >
    <div
      className="c1"
    >
      <div>
        <h1>
          Soy yo
        </h1>
      </div>
    </div>
  </div>,
]
`;
