// Jest Snapshot v1, https://goo.gl/fbAQLP

exports[`renders correctly when there are no items 1`] = `
Array [
  <div
    className="sc-bdVaJa laRmqW"
  >
    <div
      className="sc-bxivhb eHBoGm"
      title="first"
    >
      <div
        className="sc-EHOje hJPLBv"
        title="first"
      >
        1
      </div>
      <div>
        <div>
          first
        </div>
        <div
          className="sc-ifAKCX fRnOHm"
        />
      </div>
    </div>
    <hr
      className="sc-bwzfXH fvMwEj"
    />
    <div
      className="sc-bxivhb cizLwd"
    >
      <div
        className="sc-EHOje egeQYq"
      >
        2
      </div>
      <div>
        <div />
        <div
          className="sc-ifAKCX fRnOHm"
        >
          second description
        </div>
      </div>
    </div>
    <hr
      className="sc-bwzfXH fvMwEj"
    />
    <div
      className="sc-bxivhb cizLwd"
    >
      <div
        className="sc-EHOje egeQYq"
      >
        3
      </div>
      <div>
        <div />
        <div
          className="sc-ifAKCX fRnOHm"
        />
      </div>
    </div>
  </div>,
  <div
    className="sc-gzVnrw dObwoL"
  >
    <p>
      First step
    </p>
  </div>,
  <div>
    <button
      className="bp3-button bp3-intent-primary sc-bZQynM fqsBLH"
      onBlur={[Function]}
      onClick={[Function]}
      onKeyDown={[Function]}
      onKeyUp={[Function]}
      style={
        Object {
          "backgroundColor": undefined,
        }
      }
      type="button"
    >
      <span
        className="bp3-button-text"
      >
        Next
      </span>
    </button>
  </div>,
]
`;
