// Jest Snapshot v1, https://goo.gl/fbAQLP

exports[`render correctly VScrollCarrousel component one segment 1`] = `
<div
  className="sc-bdVaJa hAauFg"
>
  <div
    className="sc-bwzfXH cIfkiA"
  />
  <div
    className="sc-htpNat fxyBtX"
  >
    <button
      className="bp3-button bp3-disabled bp3-minimal"
      disabled={true}
      onBlur={[Function]}
      onKeyDown={[Function]}
      onKeyUp={[Function]}
      tabIndex={-1}
      type="button"
    >
      <span
        className="bp3-icon bp3-icon-chevron-left"
        icon="chevron-left"
      >
        <svg
          data-icon="chevron-left"
          height={16}
          viewBox="0 0 16 16"
          width={16}
        >
          <desc>
            chevron-left
          </desc>
          <path
            d="M7.41 8l3.29-3.29c.19-.18.3-.43.3-.71a1.003 1.003 0 00-1.71-.71l-4 4C5.11 7.47 5 7.72 5 8c0 .28.11.53.29.71l4 4a1.003 1.003 0 001.42-1.42L7.41 8z"
            fillRule="evenodd"
          />
        </svg>
      </span>
    </button>
    <button
      className="bp3-button bp3-minimal"
      onBlur={[Function]}
      onClick={[Function]}
      onKeyDown={[Function]}
      onKeyUp={[Function]}
      type="button"
    >
      <span
        className="bp3-icon bp3-icon-chevron-right"
        icon="chevron-right"
      >
        <svg
          data-icon="chevron-right"
          height={16}
          viewBox="0 0 16 16"
          width={16}
        >
          <desc>
            chevron-right
          </desc>
          <path
            d="M10.71 7.29l-4-4a1.003 1.003 0 00-1.42 1.42L8.59 8 5.3 11.29c-.19.18-.3.43-.3.71a1.003 1.003 0 001.71.71l4-4c.18-.18.29-.43.29-.71 0-.28-.11-.53-.29-.71z"
            fillRule="evenodd"
          />
        </svg>
      </span>
    </button>
  </div>
</div>
`;
